Loading data...
  Teams: 47, Timeslots: 696

============================================================
INCREMENTAL CONSTRAINT TESTING
============================================================

[1/18] Testing: +NoDoubleBookingTeamsConstraintAI
Created 118320 decision variables
  [OK] OPTIMAL (987 constraints)

[2/18] Testing: +NoDoubleBookingFieldsConstraintAI
Created 118320 decision variables
  [OK] OPTIMAL (1604 constraints)

[3/18] Testing: +EnsureEqualGamesAndBalanceMatchUpsAI
Created 118320 decision variables
  [OK] UNKNOWN (1991 constraints)

[4/18] Testing: +FiftyFiftyHomeandAwayAI
Created 118320 decision variables
  [OK] UNKNOWN (2067 constraints)

[5/18] Testing: +PHLAndSecondGradeAdjacencyAI
Created 118320 decision variables
  [OK] UNKNOWN (12107 constraints)

[6/18] Testing: +ClubGradeAdjacencyConstraintAI
Created 118320 decision variables
  [OK] UNKNOWN (16755 constraints)

[7/18] Testing: +MaxMaitlandHomeWeekendsAI
Created 118320 decision variables
  [OK] UNKNOWN (16757 constraints)

[8/18] Testing: +ClubDayConstraintAI
Created 118320 decision variables
  [OK] UNKNOWN (16826 constraints)

[9/18] Testing: +EqualMatchUpSpacingConstraintAI
Created 118320 decision variables
  [OK] UNKNOWN (17166 constraints)

[10/18] Testing: +PHLAndSecondGradeTimesAI
Created 118320 decision variables
  [OK] UNKNOWN (18277 constraints)

[11/18] Testing: +MaitlandHomeGroupingAI
Created 118320 decision variables
  [OK] UNKNOWN (18297 constraints)

[12/18] Testing: +AwayAtMaitlandGroupingAI
Created 118320 decision variables
  [OK] UNKNOWN (18314 constraints)

[13/18] Testing: +MaximiseClubsPerTimeslotBroadmeadowAI
Created 118320 decision variables
  [OK] UNKNOWN (18479 constraints)

[14/18] Testing: +MinimiseClubsOnAFieldBroadmeadowAI
Created 118320 decision variables
  [OK] UNKNOWN (18542 constraints)

[15/18] Testing: +ClubVsClubAlignmentAI
Created 118320 decision variables
  [OK] UNKNOWN (19488 constraints)

[16/18] Testing: +PreferredTimesConstraintAI
Created 118320 decision variables
  [OK] UNKNOWN (21132 constraints)

[17/18] Testing: +EnsureBestTimeslotChoicesAI
Created 118320 decision variables
  [OK] UNKNOWN (21649 constraints)

[18/18] Testing: +TeamConflictConstraintAI
Created 118320 decision variables
  [OK] UNKNOWN (21649 constraints)

============================================================
All constraints passed! No INFEASIBLE found.
============================================================
